<?xml version="1.0" encoding="UTF-8"?>

<!--
    Document   : lagisProperties.xml
    Created on : 12. August 2005, 11:02
    Author     : Sebastian Puhl
    Description:
        Purpose of the document follows.
-->

<lagis>
    <permissions>
        <permission>
            <readWrite>false</readWrite>
            <userGroup>Lagerbuch</userGroup>
            <userDomain>VERDIS</userDomain>
        </permission>
        <permission>
            <readWrite>true</readWrite>
            <userGroup>subUser</userGroup>
            <userDomain>LAGIS</userDomain>
        </permission>
        <permission specialPerm="sp">
            <readWrite>false</readWrite>
            <userGroup>subDomain</userGroup>
            <userDomain>Test</userDomain>
        </permission>
    </permissions>
</lagis>